// Jest Snapshot v1, https://goo.gl/fbAQLP

exports[`LoginForm should display a Login Form component 1`] = `
{
  "asFragment": [Function],
  "baseElement": <body>
    <div>
      <div
        class="chakra-card css-1l493p5"
      >
        <div
          class="chakra-card__header css-xi606m"
        >
          <h1
            class="chakra-heading css-12cltki"
          >
            LOGIN
          </h1>
        </div>
        <hr
          aria-orientation="horizontal"
          class="chakra-divider css-1xjlnrc"
        />
        <form>
          <div
            class="chakra-card__body css-0"
          >
            <div
              class="css-1q94rgb"
            >
              <div
                class="chakra-form-control css-0"
                role="group"
              >
                <label
                  class="chakra-form__label css-uvho5g"
                  for="field-:r0:"
                  id="field-:r0:-label"
                >
                  Email
                </label>
                <div
                  class="chakra-input__group css-bx0blc"
                  data-group="true"
                  data-theme="light"
                >
                  <input
                    aria-required="true"
                    class="chakra-input css-qkm5ls"
                    data-theme="light"
                    id="field-:r0:"
                    name="email"
                    placeholder="Email"
                    required=""
                    type="email"
                  />
                </div>
              </div>
              <div
                class="css-0"
              >
                <div
                  class="chakra-form-control css-0"
                  role="group"
                >
                  <label
                    class="chakra-form__label css-uvho5g"
                    for="field-:r1:"
                    id="field-:r1:-label"
                  >
                    Password
                  </label>
                  <div
                    class="chakra-input__group css-bx0blc"
                    data-group="true"
                    data-theme="light"
                  >
                    <input
                      aria-required="true"
                      class="chakra-input css-qkm5ls"
                      data-theme="light"
                      id="field-:r1:"
                      name="password"
                      placeholder="Password"
                      required=""
                      type="password"
                    />
                    <div
                      class="chakra-input__right-element css-vcnsx7"
                      data-theme="light"
                    >
                      <button
                        class="chakra-button css-xsdlqf"
                        data-theme="light"
                        type="button"
                      >
                        Show
                      </button>
                    </div>
                  </div>
                </div>
                <p
                  class="chakra-text  text-center text-sm py-2 css-0"
                >
                  <a
                    class="hover:underline hover:text-orange-500"
                    href="#"
                  >
                    Forgot your password ?
                  </a>
                </p>
              </div>
            </div>
          </div>
          <div
            class="chakra-card__footer css-k008qs"
          >
            <div
              class="w-full css-j7qwjs"
            >
              <button
                class="chakra-button w-full css-2g5nhs"
                type="submit"
              >
                Login
              </button>
              <p
                class="chakra-text  text-center text-sm py-2 css-1xu3tth"
              >
                Not yet registered ?
                 
                <a
                  class="underline text-orange-500"
                  href="/signup"
                >
                  sign up
                </a>
              </p>
            </div>
          </div>
        </form>
      </div>
    </div>
  </body>,
  "container": <div>
    <div
      class="chakra-card css-1l493p5"
    >
      <div
        class="chakra-card__header css-xi606m"
      >
        <h1
          class="chakra-heading css-12cltki"
        >
          LOGIN
        </h1>
      </div>
      <hr
        aria-orientation="horizontal"
        class="chakra-divider css-1xjlnrc"
      />
      <form>
        <div
          class="chakra-card__body css-0"
        >
          <div
            class="css-1q94rgb"
          >
            <div
              class="chakra-form-control css-0"
              role="group"
            >
              <label
                class="chakra-form__label css-uvho5g"
                for="field-:r0:"
                id="field-:r0:-label"
              >
                Email
              </label>
              <div
                class="chakra-input__group css-bx0blc"
                data-group="true"
                data-theme="light"
              >
                <input
                  aria-required="true"
                  class="chakra-input css-qkm5ls"
                  data-theme="light"
                  id="field-:r0:"
                  name="email"
                  placeholder="Email"
                  required=""
                  type="email"
                />
              </div>
            </div>
            <div
              class="css-0"
            >
              <div
                class="chakra-form-control css-0"
                role="group"
              >
                <label
                  class="chakra-form__label css-uvho5g"
                  for="field-:r1:"
                  id="field-:r1:-label"
                >
                  Password
                </label>
                <div
                  class="chakra-input__group css-bx0blc"
                  data-group="true"
                  data-theme="light"
                >
                  <input
                    aria-required="true"
                    class="chakra-input css-qkm5ls"
                    data-theme="light"
                    id="field-:r1:"
                    name="password"
                    placeholder="Password"
                    required=""
                    type="password"
                  />
                  <div
                    class="chakra-input__right-element css-vcnsx7"
                    data-theme="light"
                  >
                    <button
                      class="chakra-button css-xsdlqf"
                      data-theme="light"
                      type="button"
                    >
                      Show
                    </button>
                  </div>
                </div>
              </div>
              <p
                class="chakra-text  text-center text-sm py-2 css-0"
              >
                <a
                  class="hover:underline hover:text-orange-500"
                  href="#"
                >
                  Forgot your password ?
                </a>
              </p>
            </div>
          </div>
        </div>
        <div
          class="chakra-card__footer css-k008qs"
        >
          <div
            class="w-full css-j7qwjs"
          >
            <button
              class="chakra-button w-full css-2g5nhs"
              type="submit"
            >
              Login
            </button>
            <p
              class="chakra-text  text-center text-sm py-2 css-1xu3tth"
            >
              Not yet registered ?
               
              <a
                class="underline text-orange-500"
                href="/signup"
              >
                sign up
              </a>
            </p>
          </div>
        </div>
      </form>
    </div>
  </div>,
  "debug": [Function],
  "findAllByAltText": [Function],
  "findAllByDisplayValue": [Function],
  "findAllByLabelText": [Function],
  "findAllByPlaceholderText": [Function],
  "findAllByRole": [Function],
  "findAllByTestId": [Function],
  "findAllByText": [Function],
  "findAllByTitle": [Function],
  "findByAltText": [Function],
  "findByDisplayValue": [Function],
  "findByLabelText": [Function],
  "findByPlaceholderText": [Function],
  "findByRole": [Function],
  "findByTestId": [Function],
  "findByText": [Function],
  "findByTitle": [Function],
  "getAllByAltText": [Function],
  "getAllByDisplayValue": [Function],
  "getAllByLabelText": [Function],
  "getAllByPlaceholderText": [Function],
  "getAllByRole": [Function],
  "getAllByTestId": [Function],
  "getAllByText": [Function],
  "getAllByTitle": [Function],
  "getByAltText": [Function],
  "getByDisplayValue": [Function],
  "getByLabelText": [Function],
  "getByPlaceholderText": [Function],
  "getByRole": [Function],
  "getByTestId": [Function],
  "getByText": [Function],
  "getByTitle": [Function],
  "queryAllByAltText": [Function],
  "queryAllByDisplayValue": [Function],
  "queryAllByLabelText": [Function],
  "queryAllByPlaceholderText": [Function],
  "queryAllByRole": [Function],
  "queryAllByTestId": [Function],
  "queryAllByText": [Function],
  "queryAllByTitle": [Function],
  "queryByAltText": [Function],
  "queryByDisplayValue": [Function],
  "queryByLabelText": [Function],
  "queryByPlaceholderText": [Function],
  "queryByRole": [Function],
  "queryByTestId": [Function],
  "queryByText": [Function],
  "queryByTitle": [Function],
  "rerender": [Function],
  "unmount": [Function],
}
`;
